tymon@tymon-H110M-S2PV:~/project/TASK_Stud_Flow$ git status 
Текущая ветка: master
нечего коммитить, нет изменений в рабочем каталоге
tymon@tymon-H110M-S2PV:~/project/TASK_Stud_Flow$ git branch
  add_media
  bug_fix
  first_update
* master
tymon@tymon-H110M-S2PV:~/project/TASK_Stud_Flow$ git switch first_update
Переключились на ветку «first_update»
tymon@tymon-H110M-S2PV:~/project/TASK_Stud_Flow$ git add .
tymon@tymon-H110M-S2PV:~/project/TASK_Stud_Flow$ git commit -m "ed flow_txt"
[first_update f2a312f] ed flow_txt
 1 file changed, 19 insertions(+), 19 deletions(-)
 rewrite flow.txt (98%)
tymon@tymon-H110M-S2PV:~/project/TASK_Stud_Flow$ git push origin first_update
Перечисление объектов: 5, готово.
Подсчет объектов: 100% (5/5), готово.
При сжатии изменений используется до 4 потоков
Сжатие объектов: 100% (3/3), готово.
Запись объектов: 100% (3/3), 449 байтов | 449.00 КиБ/с, готово.
Всего 3 (изменений 1), повторно использовано 0 (изменений 0), повторно использовано пакетов 0
remote: Resolving deltas: 100% (1/1), completed with 1 local object.
To https://github.com/pvorobei/Stud-Flow.git
   95f2374..f2a312f  first_update -> first_update
tymon@tymon-H110M-S2PV:~/project/TASK_Stud_Flow$ git switch bug_fix
Переключились на ветку «bug_fix»
tymon@tymon-H110M-S2PV:~/project/TASK_Stud_Flow$ gitt add .
Команда «gitt» не найдена. Возможно, вы имели в виду:
  команда 'gitu' из snap-пакета gitu (v0.27.0)
  команда 'gitit' из deb-пакета gitit (0.13.0.0+dfsg-2build5)
  команда 'gitk' из deb-пакета gitk (1:2.34.1-1ubuntu1.11)
  команда 'gist' из deb-пакета yorick (2.2.04+dfsg1-12)
  команда 'git' из deb-пакета git (1:2.34.1-1ubuntu1.11)
  команда 'gitg' из deb-пакета gitg (41-2)
  команда 'gita' из deb-пакета gita (0.16.2-1)
См. 'snap info <имя_snap-пакета>', чтобы просмотреть дополнительные версии.
tymon@tymon-H110M-S2PV:~/project/TASK_Stud_Flow$ git add .
tymon@tymon-H110M-S2PV:~/project/TASK_Stud_Flow$ git commit -m "comment_main_cpp"
[bug_fix 9de398b] comment_main_cpp
 1 file changed, 1 insertion(+), 1 deletion(-)
tymon@tymon-H110M-S2PV:~/project/TASK_Stud_Flow$ git push origin bug_fix
Перечисление объектов: 5, готово.
Подсчет объектов: 100% (5/5), готово.
При сжатии изменений используется до 4 потоков
Сжатие объектов: 100% (3/3), готово.
Запись объектов: 100% (3/3), 328 байтов | 328.00 КиБ/с, готово.
Всего 3 (изменений 2), повторно использовано 0 (изменений 0), повторно использовано пакетов 0
remote: Resolving deltas: 100% (2/2), completed with 2 local objects.
To https://github.com/pvorobei/Stud-Flow.git
   d4c1015..9de398b  bug_fix -> bug_fix